---
source: cswap/src/transforms.rs
expression: pts
---
[]
