---
source: cswap/src/transforms.rs
expression: pts
---
[
    2,
]
