---
source: src/transforms.rs
expression: pts
---
[
    2,
    1,
]
