---
source: cswap/src/parser.rs
expression: df.unwrap().1
---
DeclFn(
    Token(
        "x33",
    ),
    [],
    Bool,
)
