---
source: src/parser.rs
expression: "generic(\"line \\n break\")"
---
Ok(
    (
        " break",
        "line ",
    ),
)
