---
source: src/parser.rs
expression: "timeout(\"timeout: sending signal TERM to command ‘z3’\")"
---
Ok(
    (
        "",
        "‘z3’",
    ),
)
