---
source: cswap/src/fuzzer.rs
expression: new_script
---
(declare-const BAV1 Bool)
(declare-const BDOM1 Bool)
(declare-const BDOM2 Bool)
(declare-const BDOM3 Bool)
(declare-const BDOM4 Bool)
(declare-const BDOM5 Bool)
(declare-const BDOM6 Bool)
(declare-const BDOM7 Bool)
(declare-const BDOM8 Bool)
(declare-const GEN1 Real)
(declare-const GEN2 Int)
(declare-const GEN3 Real)
(declare-const GEN4 Int)
(declare-const mpfx (_ FloatingPoint 11 53))
(assert (not (= mpfx (fp.mul roundTowardPositive ((_ to_fp 11 53) roundNearestTiesToEven GEN1 (- GEN2)) ((_ to_fp 11 53) roundNearestTiesToEven GEN3 (- GEN4))))))
(assert (= BAV1 (= mpfx (fp.mul roundTowardPositive ((_ to_fp 11 53) roundNearestTiesToEven GEN1 (- GEN2)) ((_ to_fp 11 53) roundNearestTiesToEven GEN3 (- GEN4))))))
(assert (= BDOM1 BAV1))
(assert (= (= mpfx (_ -oo 11 53)) BDOM2))
(assert (= (and (fp.gt mpfx (_ -oo 11 53)) (fp.lt mpfx (_ -zero 11 53))) BDOM3))
(assert (= (= mpfx (_ -zero 11 53)) BDOM4))
(assert (= (= mpfx (_ +zero 11 53)) BDOM5))
(assert (= (and (fp.gt mpfx (_ +zero 11 53)) (fp.lt mpfx (_ +oo 11 53))) BDOM6))
(assert (= (= mpfx (_ +oo 11 53)) BDOM7))
(assert (= (= mpfx (_ NaN 11 53)) BDOM8))

