---
source: cswap/src/transforms.rs
expression: p.to_string()
---
"(declare-const x Int)\n(assert (= x 4))\n(check-sat)\n(get-model)\n"
